<?xml version="1.0" encoding="UTF-8" standalone="no"?><Workspace version="1.0"><FileRef location="container:TestApp2.xcodeproj"/><FileRef location="container:../Libraries/Dep2.xcodeproj"/><FileRef location="container:../Libraries/Dep3.xcodeproj"/></Workspace>